// Jest Snapshot v1, https://goo.gl/fbAQLP

exports[`Frontpage show loaded frontpage 1`] = `"<div><h1>Quiz !</h1><h3>You have answered 2 of 3 correctly so far!</h3><ul><li><a href=\\"/question\\">ny quiz</a></li></ul></div>"`;

exports[`Frontpage show unloaded frontpage 1`] = `"<div><h1>Quiz !</h1><div>Loading ...</div><ul><li><a href=\\"/question\\">ny quiz</a></li></ul></div>"`;
